// Jest Snapshot v1, https://goo.gl/fbAQLP

exports[`ReviewsItem correctly renders after relaunch 1`] = `
<li
  className="reviews__item"
>
  <div
    className="reviews__user user"
  >
    <div
      className="reviews__avatar-wrapper user__avatar-wrapper"
    >
      <img
        alt="Reviews avatar"
        className="reviews__avatar user__avatar"
        height="54"
        src="https://htmlacademy-react-2.appspot.com/six-cities/static/avatar/2.jpg"
        width="54"
      />
    </div>
    <span
      className="reviews__user-name"
    >
      Jack
    </span>
  </div>
  <div
    className="reviews__info"
  >
    <div
      className="reviews__rating rating"
    >
      <div
        className="reviews__stars rating__stars"
      >
        <span
          style={
            Object {
              "width": "40%",
            }
          }
        />
        <span
          className="visually-hidden"
        >
          Rating
        </span>
      </div>
    </div>
    <p
      className="reviews__text"
    >
      Bathed in the nature. Completely unplugged. Unforgettable.
    </p>
    <time
      className="reviews__time"
      dateTime="2021-01-13T06:16:14.873Z"
    >
      январь 2021 г.
    </time>
  </div>
</li>
`;
